// Vitest Snapshot v1, https://vitest.dev/guide/snapshot.html

exports[`src/plugin > notBundle 1`] = `
"var __create = Object.create, __defProp = Object.defineProperty, __getOwnPropDesc = Object.getOwnPropertyDescriptor, __getOwnPropNames = Object.getOwnPropertyNames, __getProtoOf = Object.getPrototypeOf, __hasOwnProp = Object.prototype.hasOwnProperty, __copyProps = (to, from, except, desc) => {
	if (from && typeof from === "object" || typeof from === "function") {
		for (var keys = __getOwnPropNames(from), i = 0, n = keys.length, key; i < n; i++) if (key = keys[i], !__hasOwnProp.call(to, key) && key !== except) __defProp(to, key, {
			get: ((k) => from[k]).bind(null, key),
			enumerable: !(desc = __getOwnPropDesc(from, key)) || desc.enumerable
		});
	}
	return to;
}, __toESM = (mod, isNodeMode, target) => (target = mod != null ? __create(__getProtoOf(mod)) : {}, __copyProps(isNodeMode || !mod || !mod.__esModule ? __defProp(target, "default", {
	value: mod,
	enumerable: true
}) : target, mod));
const vite = __toESM(require("vite")), message = "foo";
console.log(import("vite")), console.log(vite.default), console.log(message);
"
`;
